// Jest Snapshot v1, https://goo.gl/fbAQLP

exports[`PhotoCard Should match snapshot 1`] = `
<article
  className="photo-card"
  style={
    Object {
      "backgroundImage": "url(some.JPG)",
      "backgroundSize": "cover",
    }
  }
>
  <div
    className="photo-comment-container"
  >
    <p
      className="photo-comment"
      data-testid="photo-comment"
    >
      It's something
    </p>
    <div
      className="photo-card-btn-container"
    >
      <button
        className="album-name-btn"
        onClick={[Function]}
      />
    </div>
  </div>
</article>
`;
